node.exe : FAIL sites/json-yaml-formatter/__tests__/app.test.js
At line:1 char:1
+ & "C:\Program Files\nodejs/node.exe" "C:\Program 
Files\nodejs/node_mo ...
+ 
~~~~~~~~~~~~~~~~~~~~~~~~~~~~~~~~~~~~~~~~~~~~~~~~~~~~~~~~~~~~~~~~~~~~~
    + CategoryInfo          : NotSpecified: (FAIL sites/json...s__/ap 
   p.test.js:String) [], RemoteException
    + FullyQualifiedErrorId : NativeCommandError
 
  sanitizeYamlInput()
    ΓêÜ replaces leading tabs with 2-space indent (12 ms)
    ΓêÜ returns hadTabs: false for space-indented input (3 ms)
    ΓêÜ handles multiple levels of tabs (3 ms)
    ΓêÜ returns empty string for empty input (4 ms)
    ΓêÜ handles non-string input gracefully (2 ms)
    ΓêÜ only replaces LEADING tabs, not mid-line tabs (2 ms)
  parseInput() ΓÇö JSON
    ΓêÜ parses valid JSON (4 ms)
    ΓêÜ returns error for invalid JSON (2 ms)
    ΓêÜ auto-detects JSON by { prefix (2 ms)
    ΓêÜ auto-detects JSON by [ prefix (3 ms)
  parseInput() ΓÇö YAML
    ΓêÜ parses valid YAML (2 ms)
    ΓêÜ auto-sanitizes tab-indented YAML (2 ms)
    ΓêÜ auto-detects YAML for non-JSON, non-XML input (1 ms)
    ΓêÜ returns parse error for malformed YAML (2 ms)
    ΓêÜ no notice for clean YAML input (2 ms)
  parseInput() ΓÇö XML
    ΓêÜ detects XML by < prefix in auto mode (3 ms)
  formatOutput()
    ΓêÜ formats parsed JSON to pretty JSON string (2 ms)
    ΓêÜ formats parsed to YAML using yamlLib.dump (2 ms)
    ΓêÜ minifies JSON (2 ms)
  generateDiff()
    ΓêÜ marks equal lines as diff-same (2 ms)
    ΓêÜ marks removed lines as diff-removed (2 ms)
    ΓêÜ marks added lines as diff-added (2 ms)
    ΓêÜ handles multiline diffs (2 ms)
    ├ù handles empty inputs (3 ms)
  escapeHtml()
    ΓêÜ escapes &, <, >, " (1 ms)
    ΓêÜ handles empty string (2 ms)
    ΓêÜ handles non-string input via String() (2 ms)
  toggleDiffView() and runDiff()
    ΓêÜ toggleDiffView toggles hidden class (3 ms)
    ΓêÜ runDiff updates diff-result innerHTML (5 ms)

  ΓùÅ generateDiff() ΓÇ║ handles empty inputs

    expect(received).toBe(expected) // Object.is equality

    Expected: ""
    Received: "<div class=\"diff-same\"></div>"

    [0m [90m 211 |[39m
     [90m 212 |[39m   test([32m'handles empty 
inputs'[39m[33m,[39m () [33m=>[39m {
    [31m[1m>[22m[39m[90m 213 |[39m     
expect(generateDiff([32m''[39m[33m,[39m 
[32m''[39m))[33m.[39mtoBe([32m''[39m)[33m;[39m
     [90m     |[39m                                  
[31m[1m^[22m[39m
     [90m 214 |[39m   })[33m;[39m
     [90m 215 |[39m })[33m;[39m
     [90m 216 |[39m[0m

      at Object.toBe 
(sites/json-yaml-formatter/__tests__/app.test.js:213:34)

Test Suites: 1 failed, 1 total
Tests:       1 failed, 28 passed, 29 total
Snapshots:   0 total
Time:        0.791 s, estimated 1 s
Ran all test suites matching 
/sites\\json-yaml-formatter\\__tests__\\app.test.js/i.
